
> nekro-edge-template@0.1.0 dev
> concurrently "npm:dev:backend" "npm:dev:frontend"

[dev:backend] 
[dev:backend] > nekro-edge-template@0.1.0 dev:backend
[dev:backend] > wrangler dev
[dev:backend] 
[dev:frontend] 
[dev:frontend] > nekro-edge-template@0.1.0 dev:frontend
[dev:frontend] > vite --config frontend/vite.config.mts
[dev:frontend] 
[dev:frontend] 🚀 Frontend dev server will run on port: 5173
[dev:frontend] 📡 API proxy target: http://localhost:8787
[dev:frontend] 
[dev:frontend]   VITE v5.4.19  ready in 777 ms
[dev:frontend] 
[dev:frontend]   ➜  Local:   http://localhost:5173/
[dev:frontend]   ➜  Network: http://172.20.34.84:5173/
[dev:backend] 
[dev:backend]  ⛅️ wrangler 4.35.0 (update available 4.42.0)
[dev:backend] ─────────────────────────────────────────────
[dev:backend] [33m▲ [43;33m[[43;30mWARNING[43;33m][0m [1mProcessing wrangler.jsonc configuration:[0m
[dev:backend] 
[dev:backend]     - Unexpected fields found in top-level field: "zone_id"
[dev:backend] 
[dev:backend] 
[dev:backend] Your Worker has access to the following bindings:
[dev:backend] Binding                                                                    Resource                  Mode
[dev:backend] env.SESSIONS (sessions-kv-preview)                                         KV Namespace              local
[dev:backend] env.ENDPOINTS (endpoints-kv-preview)                                       KV Namespace              local
[dev:backend] env.DB (universal-gateway-local)                                           D1 Database               local
[dev:backend] env.ASSETS                                                                 Assets                    local
[dev:backend] env.NODE_ENV ("development")                                               Environment Variable      local
[dev:backend] env.VITE_PORT ("5173")                                                     Environment Variable      local
[dev:backend] env.CLOUDFLARE_EMAIL ("your-email@example.com")                            Environment Variable      local
[dev:backend] env.CLOUDFLARE_API_KEY ("your-cloudflare-api-key-here")                    Environment Variable      local
[dev:backend] env.CLOUDFLARE_ACCOUNT_ID ("your-cloudflare-account-id")                   Environment Variable      local
[dev:backend] env.CLOUDFLARE_DOMAIN ("pixelium.uk")                                      Environment Variable      local
[dev:backend] env.CLOUDFLARE_WORKER_NAME ("dashboard")                                   Environment Variable      local
[dev:backend] env.CLOUDFLARE_WORKER_URL ("https://dashboard.pixelium.workers.dev")       Environment Variable      local
[dev:backend] 
[dev:backend] ⎔ Starting local server...
[dev:backend] [wrangler:info] Ready on http://localhost:8787
[dev:backend]   <-- GET /v1/health
[dev:backend] [31m✘ [41;31m[[41;97mERROR[41;31m][0m [1mHealth check error: TypeError: db.select is not a function[0m
[dev:backend] 
[dev:backend]       at null.<anonymous> (file:///tmp/Zeeeepa/nekro-edge-template/src/routes/gateway.ts:408:35)
[dev:backend]       at dispatch (file:///tmp/Zeeeepa/nekro-edge-template/node_modules/.pnpm/hono@4.4.0/node_modules/hono/dist/compose.js:29:23)
[dev:backend]       at next (file:///tmp/Zeeeepa/nekro-edge-template/node_modules/.pnpm/hono@4.4.0/node_modules/hono/dist/compose.js:30:20)
[dev:backend]       at logger2 (file:///tmp/Zeeeepa/nekro-edge-template/node_modules/.pnpm/hono@4.4.0/node_modules/hono/dist/middleware/logger/index.js:37:11)
[dev:backend]       at dispatch (file:///tmp/Zeeeepa/nekro-edge-template/node_modules/.pnpm/hono@4.4.0/node_modules/hono/dist/compose.js:29:23)
[dev:backend]       at next (file:///tmp/Zeeeepa/nekro-edge-template/node_modules/.pnpm/hono@4.4.0/node_modules/hono/dist/compose.js:30:20)
[dev:backend]       at secureHeaders2 (file:///tmp/Zeeeepa/nekro-edge-template/node_modules/.pnpm/hono@4.4.0/node_modules/hono/dist/middleware/secure-headers/secure-headers.js:63:11)
[dev:backend]       at dispatch (file:///tmp/Zeeeepa/nekro-edge-template/node_modules/.pnpm/hono@4.4.0/node_modules/hono/dist/compose.js:29:23)
[dev:backend]       at next (file:///tmp/Zeeeepa/nekro-edge-template/node_modules/.pnpm/hono@4.4.0/node_modules/hono/dist/compose.js:30:20)
[dev:backend]       at etag2 (file:///tmp/Zeeeepa/nekro-edge-template/node_modules/.pnpm/hono@4.4.0/node_modules/hono/dist/middleware/etag/index.js:19:11)
[dev:backend] 
[dev:backend] 
[dev:backend]   --> GET /v1/health [31m500[0m 2ms
[dev:backend] [wrangler:info] GET /v1/health 500 Internal Server Error (15ms)
[dev:backend]   <-- GET /v1/health
[dev:backend] [31m✘ [41;31m[[41;97mERROR[41;31m][0m [1mHealth check error: TypeError: db.select is not a function[0m
[dev:backend] 
[dev:backend]       at null.<anonymous> (file:///tmp/Zeeeepa/nekro-edge-template/src/routes/gateway.ts:408:35)
[dev:backend]       at dispatch (file:///tmp/Zeeeepa/nekro-edge-template/node_modules/.pnpm/hono@4.4.0/node_modules/hono/dist/compose.js:29:23)
[dev:backend]       at next (file:///tmp/Zeeeepa/nekro-edge-template/node_modules/.pnpm/hono@4.4.0/node_modules/hono/dist/compose.js:30:20)
[dev:backend]       at logger2 (file:///tmp/Zeeeepa/nekro-edge-template/node_modules/.pnpm/hono@4.4.0/node_modules/hono/dist/middleware/logger/index.js:37:11)
[dev:backend]       at dispatch (file:///tmp/Zeeeepa/nekro-edge-template/node_modules/.pnpm/hono@4.4.0/node_modules/hono/dist/compose.js:29:23)
[dev:backend]       at next (file:///tmp/Zeeeepa/nekro-edge-template/node_modules/.pnpm/hono@4.4.0/node_modules/hono/dist/compose.js:30:20)
[dev:backend]       at secureHeaders2 (file:///tmp/Zeeeepa/nekro-edge-template/node_modules/.pnpm/hono@4.4.0/node_modules/hono/dist/middleware/secure-headers/secure-headers.js:63:11)
[dev:backend]       at dispatch (file:///tmp/Zeeeepa/nekro-edge-template/node_modules/.pnpm/hono@4.4.0/node_modules/hono/dist/compose.js:29:23)
[dev:backend]       at next (file:///tmp/Zeeeepa/nekro-edge-template/node_modules/.pnpm/hono@4.4.0/node_modules/hono/dist/compose.js:30:20)
[dev:backend]       at etag2 (file:///tmp/Zeeeepa/nekro-edge-template/node_modules/.pnpm/hono@4.4.0/node_modules/hono/dist/middleware/etag/index.js:19:11)
[dev:backend] 
[dev:backend] 
[dev:backend]   --> GET /v1/health [31m500[0m 0ms
[dev:backend]   <-- GET /v1/gateway/providers
[dev:backend]   --> GET /v1/gateway/providers [32m200[0m 52ms
[dev:backend]   <-- POST /v1/gateway/chat
[dev:backend]   --> POST /v1/gateway/chat [33m404[0m 1ms
[dev:backend] [wrangler:info] GET /v1/health 500 Internal Server Error (6ms)
[dev:backend] [wrangler:info] GET /v1/gateway/providers 200 OK (58ms)
[dev:backend] [wrangler:info] POST /v1/gateway/chat 404 Not Found (5ms)
